------- FILE bomber.asm LEVEL 1 PASS 2
      1  10000 ????						; Final Project code stub - paused in lecture 55
      2  10000 ????
      3  10000 ????				       processor	6502
      4  10000 ????
      5  10000 ????						;;;;;;;;;;;;;;;;;;;;;;;;;;;;;;;;;;;;;;;;;;;;;;;;;;;;;;;;;;;;;;;;;;;;;;;
      6  10000 ????						;;  Include required files VCS register memory mapping and macros
      7  10000 ????						;;;;;;;;;;;;;;;;;;;;;;;;;;;;;;;;;;;;;;;;;;;;;;;;;;;;;;;;;;;;;;;;;;;;;;;
      8  10000 ????
------- FILE ../UTILS/vcs.h LEVEL 2 PASS 2
      0  10000 ????				       include	"../UTILS/vcs.h"
      1  10000 ????						; VCS.H
      2  10000 ????						; Version 1.05, 13/November/2003
      3  10000 ????
      4  10000 ????		00 69	    VERSION_VCS =	105
      5  10000 ????
      6  10000 ????						; THIS IS A PRELIMINARY RELEASE OF *THE* "STANDARD" VCS.H
      7  10000 ????						; THIS FILE IS EXPLICITLY SUPPORTED AS A DASM-PREFERRED COMPANION FILE
      8  10000 ????						; PLEASE DO *NOT* REDISTRIBUTE THIS FILE!
      9  10000 ????						;
     10  10000 ????						; This file defines hardware registers and memory mapping for the
     11  10000 ????						; Atari 2600. It is distributed as a companion machine-specific support package
     12  10000 ????						; for the DASM compiler. Updates to this file, DASM, and associated tools are
     13  10000 ????						; available at at http://www.atari2600.org/dasm
     14  10000 ????						;
     15  10000 ????						; Many thanks to the original author(s) of this file, and to everyone who has
     16  10000 ????						; contributed to understanding the Atari 2600.  If you take issue with the
     17  10000 ????						; contents, or naming of registers, please write to me (atari2600@taswegian.com)
     18  10000 ????						; with your views.  Please contribute, if you think you can improve this
     19  10000 ????						; file!
     20  10000 ????						;
     21  10000 ????						; Latest Revisions...
     22  10000 ????						; 1.05  13/NOV/2003	  - Correction to 1.04 - now functions as requested by MR.
     23  10000 ????						;			  - Added VERSION_VCS equate (which will reflect 100x version #)
     24  10000 ????						;			    This will allow conditional code to verify VCS.H being
     25  10000 ????						;			    used for code assembly.
     26  10000 ????						; 1.04  12/NOV/2003	 Added TIA_BASE_WRITE_ADDRESS and TIA_BASE_READ_ADDRESS for
     27  10000 ????						;			 convenient disassembly/reassembly compatibility for hardware
     28  10000 ????						;			 mirrored reading/writing differences.	This is more a 
     29  10000 ????						;			 readability issue, and binary compatibility with disassembled
     30  10000 ????						;			 and reassembled sources.  Per Manuel Rotschkar's suggestion.
     31  10000 ????						; 1.03  12/MAY/2003	 Added SEG segment at end of file to fix old-code compatibility
     32  10000 ????						;			 which was broken by the use of segments in this file, as
     33  10000 ????						;			 reported by Manuel Polik on [stella] 11/MAY/2003
     34  10000 ????						; 1.02  22/MAR/2003	 Added TIMINT($285)
     35  10000 ????						; 1.01 	     Constant offset added to allow use for 3F-style bankswitching
     36  10000 ????						;	      - define TIA_BASE_ADDRESS as $40 for Tigervision carts, otherwise
     37  10000 ????						;		it is safe to leave it undefined, and the base address will
     38  10000 ????						;		be set to 0.  Thanks to Eckhard Stolberg for the suggestion.
     39  10000 ????						;			    Note, may use -DLABEL=EXPRESSION to define TIA_BASE_ADDRESS
     40  10000 ????						;			  - register definitions are now generated through assignment
     41  10000 ????						;			    in uninitialised segments.	This allows a changeable base
     42  10000 ????						;			    address architecture.
     43  10000 ????						; 1.0 22/MAR/2003   Initial release
     44  10000 ????						;-------------------------------------------------------------------------------
     45  10000 ????						; TIA_BASE_ADDRESS
     46  10000 ????						; The TIA_BASE_ADDRESS defines the base address of access to TIA registers.
     47  10000 ????						; Normally 0, the base address should (externally, before including this file)
     48  10000 ????						; be set to $40 when creating 3F-bankswitched (and other?) cartridges.
     49  10000 ????						; The reason is that this bankswitching scheme treats any access to locations
     50  10000 ????						; < $40 as a bankswitch.
     51  10000 ????			   -	       IFNCONST	TIA_BASE_ADDRESS
     52  10000 ????			   -TIA_BASE_ADDRESS =	0
     53  10000 ????				       ENDIF
     54  10000 ????						; Note: The address may be defined on the command-line using the -D switch, eg:
     55  10000 ????						; dasm.exe code.asm -DTIA_BASE_ADDRESS=$40 -f3 -v5 -ocode.bin
     56  10000 ????						; *OR* by declaring the label before including this file, eg:
     57  10000 ????						; TIA_BASE_ADDRESS = $40
     58  10000 ????						;   include "vcs.h"
     59  10000 ????						; Alternate read/write address capability - allows for some disassembly compatibility
     60  10000 ????						; usage ; to allow reassembly to binary perfect copies).  This is essentially catering
     61  10000 ????						; for the mirrored ROM hardware registers.
     62  10000 ????						; Usage: As per above, define the TIA_BASE_READ_ADDRESS and/or TIA_BASE_WRITE_ADDRESS
     63  10000 ????						; using the -D command-line switch, as required.  If the addresses are not defined, 
     64  10000 ????						; they defaut to the TIA_BASE_ADDRESS.
     65  10000 ????			   -	       IFNCONST	TIA_BASE_READ_ADDRESS
     66  10000 ????			   -TIA_BASE_READ_ADDRESS =	TIA_BASE_ADDRESS
     67  10000 ????				       ENDIF
     68  10000 ????			   -	       IFNCONST	TIA_BASE_WRITE_ADDRESS
     69  10000 ????			   -TIA_BASE_WRITE_ADDRESS =	TIA_BASE_ADDRESS
     70  10000 ????				       ENDIF
     71  10000 ????						;-------------------------------------------------------------------------------
     72 U002d ????				      SEG.U	TIA_REGISTERS_WRITE
     73 U0000					      ORG	TIA_BASE_WRITE_ADDRESS
     74 U0000							; DO NOT CHANGE THE RELATIVE ORDERING OF REGISTERS!
     75 U0000
     76 U0000		       00	   VSYNC      ds	1	; $00	 0000 00x0   Vertical Sync Set-Clear
     77 U0001		       00	   VBLANK     ds	1	; $01	 xx00 00x0   Vertical Blank Set-Clear
     78 U0002		       00	   WSYNC      ds	1	; $02	 ---- ----   Wait for Horizontal Blank
     79 U0003		       00	   RSYNC      ds	1	; $03	 ---- ----   Reset Horizontal Sync Counter
     80 U0004		       00	   NUSIZ0     ds	1	; $04	 00xx 0xxx   Number-Size player/missle 0
     81 U0005		       00	   NUSIZ1     ds	1	; $05	 00xx 0xxx   Number-Size player/missle 1
     82 U0006		       00	   COLUP0     ds	1	; $06	 xxxx xxx0   Color-Luminance Player 0
     83 U0007		       00	   COLUP1     ds	1	; $07	 xxxx xxx0   Color-Luminance Player 1
     84 U0008		       00	   COLUPF     ds	1	; $08	 xxxx xxx0   Color-Luminance Playfield
     85 U0009		       00	   COLUBK     ds	1	; $09	 xxxx xxx0   Color-Luminance Background
     86 U000a		       00	   CTRLPF     ds	1	; $0A	 00xx 0xxx   Control Playfield, Ball, Collisions
     87 U000b		       00	   REFP0      ds	1	; $0B	 0000 x000   Reflection Player 0
     88 U000c		       00	   REFP1      ds	1	; $0C	 0000 x000   Reflection Player 1
     89 U000d		       00	   PF0	      ds	1	; $0D	 xxxx 0000   Playfield Register Byte 0
     90 U000e		       00	   PF1	      ds	1	; $0E	 xxxx xxxx   Playfield Register Byte 1
     91 U000f		       00	   PF2	      ds	1	; $0F	 xxxx xxxx   Playfield Register Byte 2
     92 U0010		       00	   RESP0      ds	1	; $10	 ---- ----   Reset Player 0
     93 U0011		       00	   RESP1      ds	1	; $11	 ---- ----   Reset Player 1
     94 U0012		       00	   RESM0      ds	1	; $12	 ---- ----   Reset Missle 0
     95 U0013		       00	   RESM1      ds	1	; $13	 ---- ----   Reset Missle 1
     96 U0014		       00	   RESBL      ds	1	; $14	 ---- ----   Reset Ball
     97 U0015		       00	   AUDC0      ds	1	; $15	 0000 xxxx   Audio Control 0
     98 U0016		       00	   AUDC1      ds	1	; $16	 0000 xxxx   Audio Control 1
     99 U0017		       00	   AUDF0      ds	1	; $17	 000x xxxx   Audio Frequency 0
    100 U0018		       00	   AUDF1      ds	1	; $18	 000x xxxx   Audio Frequency 1
    101 U0019		       00	   AUDV0      ds	1	; $19	 0000 xxxx   Audio Volume 0
    102 U001a		       00	   AUDV1      ds	1	; $1A	 0000 xxxx   Audio Volume 1
    103 U001b		       00	   GRP0       ds	1	; $1B	 xxxx xxxx   Graphics Register Player 0
    104 U001c		       00	   GRP1       ds	1	; $1C	 xxxx xxxx   Graphics Register Player 1
    105 U001d		       00	   ENAM0      ds	1	; $1D	 0000 00x0   Graphics Enable Missle 0
    106 U001e		       00	   ENAM1      ds	1	; $1E	 0000 00x0   Graphics Enable Missle 1
    107 U001f		       00	   ENABL      ds	1	; $1F	 0000 00x0   Graphics Enable Ball
    108 U0020		       00	   HMP0       ds	1	; $20	 xxxx 0000   Horizontal Motion Player 0
    109 U0021		       00	   HMP1       ds	1	; $21	 xxxx 0000   Horizontal Motion Player 1
    110 U0022		       00	   HMM0       ds	1	; $22	 xxxx 0000   Horizontal Motion Missle 0
    111 U0023		       00	   HMM1       ds	1	; $23	 xxxx 0000   Horizontal Motion Missle 1
    112 U0024		       00	   HMBL       ds	1	; $24	 xxxx 0000   Horizontal Motion Ball
    113 U0025		       00	   VDELP0     ds	1	; $25	 0000 000x   Vertical Delay Player 0
    114 U0026		       00	   VDELP1     ds	1	; $26	 0000 000x   Vertical Delay Player 1
    115 U0027		       00	   VDELBL     ds	1	; $27	 0000 000x   Vertical Delay Ball
    116 U0028		       00	   RESMP0     ds	1	; $28	 0000 00x0   Reset Missle 0 to Player 0
    117 U0029		       00	   RESMP1     ds	1	; $29	 0000 00x0   Reset Missle 1 to Player 1
    118 U002a		       00	   HMOVE      ds	1	; $2A	 ---- ----   Apply Horizontal Motion
    119 U002b		       00	   HMCLR      ds	1	; $2B	 ---- ----   Clear Horizontal Move Registers
    120 U002c		       00	   CXCLR      ds	1	; $2C	 ---- ----   Clear Collision Latches
    121 U002d
    122 U002d							;-------------------------------------------------------------------------------
    123 U000e ????				      SEG.U	TIA_REGISTERS_READ
    124 U0000					      ORG	TIA_BASE_READ_ADDRESS
    125 U0000							;		       bit 7   bit 6
    126 U0000		       00	   CXM0P      ds	1	; $00	     xx00 0000	     Read Collision  M0-P1   M0-P0
    127 U0001		       00	   CXM1P      ds	1	; $01	     xx00 0000			     M1-P0   M1-P1
    128 U0002		       00	   CXP0FB     ds	1	; $02	     xx00 0000			     P0-PF   P0-BL
    129 U0003		       00	   CXP1FB     ds	1	; $03	     xx00 0000			     P1-PF   P1-BL
    130 U0004		       00	   CXM0FB     ds	1	; $04	     xx00 0000			     M0-PF   M0-BL
    131 U0005		       00	   CXM1FB     ds	1	; $05	     xx00 0000			     M1-PF   M1-BL
    132 U0006		       00	   CXBLPF     ds	1	; $06	     x000 0000			     BL-PF   -----
    133 U0007		       00	   CXPPMM     ds	1	; $07	     xx00 0000			     P0-P1   M0-M1
    134 U0008		       00	   INPT0      ds	1	; $08	     x000 0000	     Read Pot Port 0
    135 U0009		       00	   INPT1      ds	1	; $09	     x000 0000	     Read Pot Port 1
    136 U000a		       00	   INPT2      ds	1	; $0A	     x000 0000	     Read Pot Port 2
    137 U000b		       00	   INPT3      ds	1	; $0B	     x000 0000	     Read Pot Port 3
    138 U000c		       00	   INPT4      ds	1	; $0C	 x000 0000	 Read Input (Trigger) 0
    139 U000d		       00	   INPT5      ds	1	; $0D	 x000 0000	 Read Input (Trigger) 1
    140 U000e							;-------------------------------------------------------------------------------
    141 U0298 ????				      SEG.U	RIOT
    142 U0280					      ORG	$280
    143 U0280
    144 U0280							; RIOT MEMORY MAP
    145 U0280		       00	   SWCHA      ds	1	; $280      Port A data register for joysticks:
    146 U0281							;     Bits 4-7 for player 1.  Bits 0-3 for player 2.
    147 U0281		       00	   SWACNT     ds	1	; $281      Port A data direction register (DDR)
    148 U0282		       00	   SWCHB      ds	1	; $282    Port B data (console switches)
    149 U0283		       00	   SWBCNT     ds	1	; $283      Port B DDR
    150 U0284		       00	   INTIM      ds	1	; $284    Timer output
    151 U0285		       00	   TIMINT     ds	1	; $285
    152 U0286							; Unused/undefined registers ($285-$294)
    153 U0286		       00		      ds	1	; $286
    154 U0287		       00		      ds	1	; $287
    155 U0288		       00		      ds	1	; $288
    156 U0289		       00		      ds	1	; $289
    157 U028a		       00		      ds	1	; $28A
    158 U028b		       00		      ds	1	; $28B
    159 U028c		       00		      ds	1	; $28C
    160 U028d		       00		      ds	1	; $28D
    161 U028e		       00		      ds	1	; $28E
    162 U028f		       00		      ds	1	; $28F
    163 U0290		       00		      ds	1	; $290
    164 U0291		       00		      ds	1	; $291
    165 U0292		       00		      ds	1	; $292
    166 U0293		       00		      ds	1	; $293
    167 U0294		       00	   TIM1T      ds	1	; $294    set 1 clock interval
    168 U0295		       00	   TIM8T      ds	1	; $295      set 8 clock interval
    169 U0296		       00	   TIM64T     ds	1	; $296      set 64 clock interval
    170 U0297		       00	   T1024T     ds	1	; $297      set 1024 clock interval
    171 U0298							;-------------------------------------------------------------------------------
    172 U0298							; The following required for back-compatibility with code which does not use
    173 U0298							; segments.
    174  0000 ????				      SEG
    175  0000 ????						; EOF
------- FILE bomber.asm
------- FILE ../UTILS/macro.h LEVEL 2 PASS 2
      0  0000 ????				      include	"../UTILS/macro.h"
      1  0000 ????						; MACRO.H
      2  0000 ????						; Version 1.06, 3/SEPTEMBER/2004
      3  0000 ????
      4  0000 ????	       00 6a	   VERSION_MACRO =	106
      5  0000 ????
      6  0000 ????						;
      7  0000 ????						; THIS FILE IS EXPLICITLY SUPPORTED AS A DASM-PREFERRED COMPANION FILE
      8  0000 ????						; PLEASE DO *NOT* REDISTRIBUTE MODIFIED VERSIONS OF THIS FILE!
      9  0000 ????						;
     10  0000 ????						; This file defines DASM macros useful for development for the Atari 2600.
     11  0000 ????						; It is distributed as a companion machine-specific support package
     12  0000 ????						; for the DASM compiler. Updates to this file, DASM, and associated tools are
     13  0000 ????						; available at at http://www.atari2600.org/dasm
     14  0000 ????						;
     15  0000 ????						; Many thanks to the people who have contributed.  If you take issue with the
     16  0000 ????						; contents, or would like to add something, please write to me
     17  0000 ????						; (atari2600@taswegian.com) with your contribution.
     18  0000 ????						;
     19  0000 ????						; Latest Revisions...
     20  0000 ????						;
     21  0000 ????						; 1.06  03/SEP/2004	 - nice revision of VERTICAL_BLANK (Edwin Blink)
     22  0000 ????						; 1.05  14/NOV/2003	 - Added VERSION_MACRO equate (which will reflect 100x version #)
     23  0000 ????						;			   This will allow conditional code to verify MACRO.H being
     24  0000 ????						;			   used for code assembly.
     25  0000 ????						; 1.04  13/NOV/2003	 - SET_POINTER macro added (16-bit address load)
     26  0000 ????						;
     27  0000 ????						; 1.03  23/JUN/2003	 - CLEAN_START macro added - clears TIA, RAM, registers
     28  0000 ????						;
     29  0000 ????						; 1.02  14/JUN/2003	 - VERTICAL_SYNC macro added
     30  0000 ????						;			   (standardised macro for vertical synch code)
     31  0000 ????						; 1.01  22/MAR/2003	 - SLEEP macro added. 
     32  0000 ????						;			 - NO_ILLEGAL_OPCODES switch implemented
     33  0000 ????						; 1.0 22/MAR/2003   Initial release
     34  0000 ????
     35  0000 ????						; Note: These macros use illegal opcodes.  To disable illegal opcode usage, 
     36  0000 ????						;   define the symbol NO_ILLEGAL_OPCODES (-DNO_ILLEGAL_OPCODES=1 on command-line).
     37  0000 ????						;   If you do not allow illegal opcode usage, you must include this file 
     38  0000 ????						;   *after* including VCS.H (as the non-illegal opcodes access hardware
     39  0000 ????						;   registers and require them to be defined first).
     40  0000 ????
     41  0000 ????						; Available macros...
     42  0000 ????						;   SLEEP n		 - sleep for n cycles
     43  0000 ????						;   VERTICAL_SYNC	 - correct 3 scanline vertical synch code
     44  0000 ????						;   CLEAN_START	 - set machine to known state on startup
     45  0000 ????						;   SET_POINTER	 - load a 16-bit absolute to a 16-bit variable
     46  0000 ????
     47  0000 ????						;-------------------------------------------------------------------------------
     48  0000 ????						; SLEEP duration
     49  0000 ????						; Original author: Thomas Jentzsch
     50  0000 ????						; Inserts code which takes the specified number of cycles to execute.	This is
     51  0000 ????						; useful for code where precise timing is required.
     52  0000 ????						; ILLEGAL-OPCODE VERSION DOES NOT AFFECT FLAGS OR REGISTERS.
     53  0000 ????						; LEGAL OPCODE VERSION MAY AFFECT FLAGS
     54  0000 ????						; Uses illegal opcode (DASM 2.20.01 onwards).
     55  0000 ????
     56  0000 ????				      MAC	sleep
     57  0000 ????			   .CYCLES    SET	{1}
     58  0000 ????
     59  0000 ????				      IF	.CYCLES < 2
     60  0000 ????				      ECHO	"MACRO ERROR: 'SLEEP': Duration must be > 1"
     61  0000 ????				      ERR
     62  0000 ????				      ENDIF
     63  0000 ????
     64  0000 ????				      IF	.CYCLES & 1
     65  0000 ????				      IFNCONST	NO_ILLEGAL_OPCODES
     66  0000 ????				      nop	0
     67  0000 ????				      ELSE
     68  0000 ????				      bit	VSYNC
     69  0000 ????				      ENDIF
     70  0000 ????			   .CYCLES    SET	.CYCLES - 3
     71  0000 ????				      ENDIF
     72  0000 ????
     73  0000 ????				      REPEAT	.CYCLES / 2
     74  0000 ????				      nop
     75  0000 ????				      REPEND
     76  0000 ????				      ENDM		;usage: SLEEP n (n>1)
     77  0000 ????
     78  0000 ????						;-------------------------------------------------------------------------------
     79  0000 ????						; VERTICAL_SYNC
     80  0000 ????						; revised version by Edwin Blink -- saves bytes!
     81  0000 ????						; Inserts the code required for a proper 3 scanline vertical sync sequence
     82  0000 ????						; Note: Alters the accumulator
     83  0000 ????
     84  0000 ????						; OUT: A = 0
     85  0000 ????
     86  0000 ????				      MAC	vertical_sync
     87  0000 ????				      lda	#%1110	; each '1' bits generate a VSYNC ON line (bits 1..3)
     88  0000 ????			   .VSLP1     sta	WSYNC	; 1st '0' bit resets Vsync, 2nd '0' bit exit loop
     89  0000 ????				      sta	VSYNC
     90  0000 ????				      lsr
     91  0000 ????				      bne	.VSLP1	; branch until VYSNC has been reset
     92  0000 ????				      ENDM
     93  0000 ????
     94  0000 ????						;-------------------------------------------------------------------------------
     95  0000 ????						; CLEAN_START
     96  0000 ????						; Original author: Andrew Davie
     97  0000 ????						; Standardised start-up code, clears stack, all TIA registers and RAM to 0
     98  0000 ????						; Sets stack pointer to $FF, and all registers to 0
     99  0000 ????						; Sets decimal mode off, sets interrupt flag (kind of un-necessary)
    100  0000 ????						; Use as very first section of code on boot (ie: at reset)
    101  0000 ????						; Code written to minimise total ROM usage - uses weird 6502 knowledge :)
    102  0000 ????
    103  0000 ????				      MAC	clean_start
    104  0000 ????				      sei
    105  0000 ????				      cld
    106  0000 ????
    107  0000 ????				      ldx	#0
    108  0000 ????				      txa
    109  0000 ????				      tay
    110  0000 ????			   .CLEAR_STACK dex
    111  0000 ????				      txs
    112  0000 ????				      pha
    113  0000 ????				      bne	.CLEAR_STACK	; SP=$FF, X = A = Y = 0
    114  0000 ????
    115  0000 ????				      ENDM
    116  0000 ????
    117  0000 ????						;-------------------------------------------------------
    118  0000 ????						; SET_POINTER
    119  0000 ????						; Original author: Manuel Rotschkar
    120  0000 ????						;
    121  0000 ????						; Sets a 2 byte RAM pointer to an absolute address.
    122  0000 ????						;
    123  0000 ????						; Usage: SET_POINTER pointer, address
    124  0000 ????						; Example: SET_POINTER SpritePTR, SpriteData
    125  0000 ????						;
    126  0000 ????						; Note: Alters the accumulator, NZ flags
    127  0000 ????						; IN 1: 2 byte RAM location reserved for pointer
    128  0000 ????						; IN 2: absolute address
    129  0000 ????
    130  0000 ????				      MAC	set_pointer
    131  0000 ????			   .POINTER   SET	{1}
    132  0000 ????			   .ADDRESS   SET	{2}
    133  0000 ????
    134  0000 ????				      LDA	#<.ADDRESS	; Get Lowbyte of Address
    135  0000 ????				      STA	.POINTER	; Store in pointer
    136  0000 ????				      LDA	#>.ADDRESS	; Get Hibyte of Address
    137  0000 ????				      STA	.POINTER+1	; Store in pointer+1
    138  0000 ????
    139  0000 ????				      ENDM
    140  0000 ????
    141  0000 ????						;-------------------------------------------------------
    142  0000 ????						; BOUNDARY byte#
    143  0000 ????						; Original author: Denis Debro (borrowed from Bob Smith / Thomas)
    144  0000 ????						;
    145  0000 ????						; Push data to a certain position inside a page and keep count of how
    146  0000 ????						; many free bytes the programmer will have.
    147  0000 ????						;
    148  0000 ????						; eg: BOUNDARY 5    ; position at byte #5 in page
    149  0000 ????
    150  0000 ????			   .FREE_BYTES SET	0
    151  0000 ????				      MAC	boundary
    152  0000 ????				      REPEAT	256
    153  0000 ????				      IF	<. % {1} = 0
    154  0000 ????				      MEXIT
    155  0000 ????				      ELSE
    156  0000 ????			   .FREE_BYTES SET	.FREE_BYTES + 1
    157  0000 ????				      .byte	$00
    158  0000 ????				      ENDIF
    159  0000 ????				      REPEND
    160  0000 ????				      ENDM
    161  0000 ????
    162  0000 ????
    163  0000 ????						; EOF
------- FILE bomber.asm
     11  0000 ????
     12  0000 ????						;;;;;;;;;;;;;;;;;;;;;;;;;;;;;;;;;;;;;;;;;;;;;;;;;;;;;;;;;;;;;;;;;;;;;;;
     13  0000 ????						;;  Declare the variable starting from memory adderss $80
     14  0000 ????						;;;;;;;;;;;;;;;;;;;;;;;;;;;;;;;;;;;;;;;;;;;;;;;;;;;;;;;;;;;;;;;;;;;;;;;
     15  0000 ????
     16 U008c ????				      seg.u	Variables
     17 U0080					      org	$80
     18 U0080
     19 U0080		       00	   JetXPos    byte.b		; player0 x-position
     20 U0081		       00	   JetYPos    byte.b		; player0 y-position
     21 U0082		       00	   BomberXPos byte.b		; player1 x-position (enemy x)
     22 U0083		       00	   BomberYPos byte.b		; player1 y-position (enemy y)
     23 U0084		       00 00	   P0SpritePtr word.w		; pointer to player0 sprite lookup table
     24 U0086		       00 00	   P0ColorPtr word.w		; pointer to player0 color lookup table
     25 U0088		       00 00	   P1SpritePtr word.w		; pointer to enemy sprite lookup table
     26 U008a		       00 00	   P1ColorPtr word.w		; pointer to enemy color lookup table
     27 U008c
     28 U008c							;;;;;;;;;;;;;;;;;;;;;;;;;;;;;;;;;;;;;;;;;;;;;;;;;;;;;;;;;;;;;;;;;;;;;;;
     29 U008c							;;  Define constants  
     30 U008c							;;;;;;;;;;;;;;;;;;;;;;;;;;;;;;;;;;;;;;;;;;;;;;;;;;;;;;;;;;;;;;;;;;;;;;;
     31 U008c		       00 09	   P0_HEIGHT  =	9	; player0 sprite height (# rows in lookup table)
     32 U008c		       00 09	   P1_HEIGHT  =	9	; player1 sprite height (# rows in lookup table)
     33 U008c
     34 U008c							;; below code can be possible as an alternative
     35 U008c							;; P0_HEIGHT = . - P0Frame0
     36 U008c
     37 U008c							;;;;;;;;;;;;;;;;;;;;;;;;;;;;;;;;;;;;;;;;;;;;;;;;;;;;;;;;;;;;;;;;;;;;;;;
     38 U008c							;;  Start our ROM code at memory address $F000  
     39 U008c							;;;;;;;;;;;;;;;;;;;;;;;;;;;;;;;;;;;;;;;;;;;;;;;;;;;;;;;;;;;;;;;;;;;;;;;
     40 U008c
     41  10000 ????				       seg	Code
     42  f000					      org	$F000
     43  f000
     44  f000				   Reset
      0  f000					      CLEAN_START		; call macro to reset memory and registers
      1  f000		       78		      sei
      2  f001		       d8		      cld
      3  f002
      4  f002		       a2 00		      ldx	#0
      5  f004		       8a		      txa
      6  f005		       a8		      tay
      7  f006		       ca	   .CLEAR_STACK dex
      8  f007		       9a		      txs
      9  f008		       48		      pha
     10  f009		       d0 fb		      bne	.CLEAR_STACK
     11  f00b
     46  f00b
     47  f00b							;;;;;;;;;;;;;;;;;;;;;;;;;;;;;;;;;;;;;;;;;;;;;;;;;;;;;;;;;;;;;;;;;;;;;;;
     48  f00b							;;  Initialize RAM variables and TIA registers 
     49  f00b							;;;;;;;;;;;;;;;;;;;;;;;;;;;;;;;;;;;;;;;;;;;;;;;;;;;;;;;;;;;;;;;;;;;;;;;
     50  f00b		       a9 0a		      lda	#10
     51  f00d		       85 81		      sta	JetYPos	; JetYPos = 10
     52  f00f		       a9 00		      lda	#0
     53  f011		       85 80		      sta	JetXPos	; JetXPos = 0
     54  f013		       a9 53		      lda	#83
     55  f015		       85 83		      sta	BomberYPos
     56  f017		       a9 36		      lda	#54
     57  f019		       85 82		      sta	BomberXPos
     58  f01b
     59  f01b							;;;;;;;;;;;;;;;;;;;;;;;;;;;;;;;;;;;;;;;;;;;;;;;;;;;;;;;;;;;;;;;;;;;;;;;
     60  f01b							;;  Initialize the pointers to the correct lookup table addresses 
     61  f01b							;;;;;;;;;;;;;;;;;;;;;;;;;;;;;;;;;;;;;;;;;;;;;;;;;;;;;;;;;;;;;;;;;;;;;;;
     62  f01b		       a9 7c		      lda	#<P0Frame1
     63  f01d		       85 84		      sta	P0SpritePtr	; lo-byte pointer for player sprite lookup table
     64  f01f		       a9 f1		      lda	#>P0Frame1
     65  f021		       85 85		      sta	P0SpritePtr+1	; hi-byte pointer for player sprite lookup table
     66  f023
     67  f023		       a9 a0		      lda	#<P0ColorFrame1
     68  f025		       85 86		      sta	P0ColorPtr
     69  f027		       a9 f1		      lda	#>P0ColorFrame1
     70  f029		       85 87		      sta	P0ColorPtr+1
     71  f02b
     72  f02b		       a9 8e		      lda	#<P1Frame0
     73  f02d		       85 88		      sta	P1SpritePtr	; lo-byte pointer for enemy sprite lookup table
     74  f02f		       a9 f1		      lda	#>P1Frame0
     75  f031		       85 89		      sta	P1SpritePtr+1	; hi-byte pointer for enemy sprite lookup table
     76  f033
     77  f033		       a9 b2		      lda	#<P1ColorFrame0
     78  f035		       85 8a		      sta	P1ColorPtr
     79  f037		       a9 f1		      lda	#>P1ColorFrame0
     80  f039		       85 8b		      sta	P1ColorPtr+1
     81  f03b
     82  f03b							;;;;;;;;;;;;;;;;;;;;;;;;;;;;;;;;;;;;;;;;;;;;;;;;;;;;;;;;;;;;;;;;;;;;;;;;;;;
     83  f03b							;;  Start the main display loop and frame rendering 
     84  f03b							;;;;;;;;;;;;;;;;;;;;;;;;;;;;;;;;;;;;;;;;;;;;;;;;;;;;;;;;;;;;;;;;;;;;;;;;;;;
     85  f03b				   StartFrame
     86  f03b
     87  f03b							;;;;;;;;;;;;;;;;;;;;;;;;;;;;;;;;;;;;;;;;;;;;;;;;;;;;;;;;;;;;;;;;;;;;;;;;;;;
     88  f03b							;;  Calculations and tasks performed in the pre-VBlank
     89  f03b							;;;;;;;;;;;;;;;;;;;;;;;;;;;;;;;;;;;;;;;;;;;;;;;;;;;;;;;;;;;;;;;;;;;;;;;;;;;
     90  f03b		       a5 80		      lda	JetXPos
     91  f03d		       a0 00		      ldy	#0
     92  f03f		       20 5f f1 	      jsr	SetObjectXPos	; set player0 horizontal position
     93  f042
     94  f042		       a5 82		      lda	BomberXPos
     95  f044		       a0 01		      ldy	#1
     96  f046		       20 5f f1 	      jsr	SetObjectXPos	; set player1 horizontal position
     97  f049
     98  f049		       85 02		      sta	WSYNC
     99  f04b		       85 2a		      sta	HMOVE	; apply the horizontal offsets previously set
    100  f04d
    101  f04d							;;;;;;;;;;;;;;;;;;;;;;;;;;;;;;;;;;;;;;;;;;;;;;;;;;;;;;;;;;;;;;;;;;;;;;;;;;;;
    102  f04d							;;  Display VSYNC and VBLANK 
    103  f04d							;;;;;;;;;;;;;;;;;;;;;;;;;;;;;;;;;;;;;;;;;;;;;;;;;;;;;;;;;;;;;;;;;;;;;;;;;;;;
    104  f04d		       a9 02		      lda	#2
    105  f04f		       85 01		      sta	VBLANK	; turn on VBLANK (0010)
    106  f051		       85 00		      sta	VSYNC	; turn on VSYNC
    107  f053					      REPEAT	3
    108  f053		       85 02		      sta	WSYNC	; display 3 recommended liens of VSYNC    
    107  f053					      REPEND
    108  f055		       85 02		      sta	WSYNC	; display 3 recommended liens of VSYNC    
    107  f055					      REPEND
    108  f057		       85 02		      sta	WSYNC	; display 3 recommended liens of VSYNC    
    109  f059					      REPEND
    110  f059		       a9 00		      lda	#0
    111  f05b		       85 00		      sta	VSYNC	; turn off VSYNC 
    112  f05d					      REPEAT	37
    113  f05d		       85 02		      sta	WSYNC	; display the 37 recommended lines of VBLANK
    112  f05d					      REPEND
    113  f05f		       85 02		      sta	WSYNC	; display the 37 recommended lines of VBLANK
    112  f05f					      REPEND
    113  f061		       85 02		      sta	WSYNC	; display the 37 recommended lines of VBLANK
    112  f061					      REPEND
    113  f063		       85 02		      sta	WSYNC	; display the 37 recommended lines of VBLANK
    112  f063					      REPEND
    113  f065		       85 02		      sta	WSYNC	; display the 37 recommended lines of VBLANK
    112  f065					      REPEND
    113  f067		       85 02		      sta	WSYNC	; display the 37 recommended lines of VBLANK
    112  f067					      REPEND
    113  f069		       85 02		      sta	WSYNC	; display the 37 recommended lines of VBLANK
    112  f069					      REPEND
    113  f06b		       85 02		      sta	WSYNC	; display the 37 recommended lines of VBLANK
    112  f06b					      REPEND
    113  f06d		       85 02		      sta	WSYNC	; display the 37 recommended lines of VBLANK
    112  f06d					      REPEND
    113  f06f		       85 02		      sta	WSYNC	; display the 37 recommended lines of VBLANK
    112  f06f					      REPEND
    113  f071		       85 02		      sta	WSYNC	; display the 37 recommended lines of VBLANK
    112  f071					      REPEND
    113  f073		       85 02		      sta	WSYNC	; display the 37 recommended lines of VBLANK
    112  f073					      REPEND
    113  f075		       85 02		      sta	WSYNC	; display the 37 recommended lines of VBLANK
    112  f075					      REPEND
    113  f077		       85 02		      sta	WSYNC	; display the 37 recommended lines of VBLANK
    112  f077					      REPEND
    113  f079		       85 02		      sta	WSYNC	; display the 37 recommended lines of VBLANK
    112  f079					      REPEND
    113  f07b		       85 02		      sta	WSYNC	; display the 37 recommended lines of VBLANK
    112  f07b					      REPEND
    113  f07d		       85 02		      sta	WSYNC	; display the 37 recommended lines of VBLANK
    112  f07d					      REPEND
    113  f07f		       85 02		      sta	WSYNC	; display the 37 recommended lines of VBLANK
    112  f07f					      REPEND
    113  f081		       85 02		      sta	WSYNC	; display the 37 recommended lines of VBLANK
    112  f081					      REPEND
    113  f083		       85 02		      sta	WSYNC	; display the 37 recommended lines of VBLANK
    112  f083					      REPEND
    113  f085		       85 02		      sta	WSYNC	; display the 37 recommended lines of VBLANK
    112  f085					      REPEND
    113  f087		       85 02		      sta	WSYNC	; display the 37 recommended lines of VBLANK
    112  f087					      REPEND
    113  f089		       85 02		      sta	WSYNC	; display the 37 recommended lines of VBLANK
    112  f089					      REPEND
    113  f08b		       85 02		      sta	WSYNC	; display the 37 recommended lines of VBLANK
    112  f08b					      REPEND
    113  f08d		       85 02		      sta	WSYNC	; display the 37 recommended lines of VBLANK
    112  f08d					      REPEND
    113  f08f		       85 02		      sta	WSYNC	; display the 37 recommended lines of VBLANK
    112  f08f					      REPEND
    113  f091		       85 02		      sta	WSYNC	; display the 37 recommended lines of VBLANK
    112  f091					      REPEND
    113  f093		       85 02		      sta	WSYNC	; display the 37 recommended lines of VBLANK
    112  f093					      REPEND
    113  f095		       85 02		      sta	WSYNC	; display the 37 recommended lines of VBLANK
    112  f095					      REPEND
    113  f097		       85 02		      sta	WSYNC	; display the 37 recommended lines of VBLANK
    112  f097					      REPEND
    113  f099		       85 02		      sta	WSYNC	; display the 37 recommended lines of VBLANK
    112  f099					      REPEND
    113  f09b		       85 02		      sta	WSYNC	; display the 37 recommended lines of VBLANK
    112  f09b					      REPEND
    113  f09d		       85 02		      sta	WSYNC	; display the 37 recommended lines of VBLANK
    112  f09d					      REPEND
    113  f09f		       85 02		      sta	WSYNC	; display the 37 recommended lines of VBLANK
    112  f09f					      REPEND
    113  f0a1		       85 02		      sta	WSYNC	; display the 37 recommended lines of VBLANK
    112  f0a1					      REPEND
    113  f0a3		       85 02		      sta	WSYNC	; display the 37 recommended lines of VBLANK
    112  f0a3					      REPEND
    113  f0a5		       85 02		      sta	WSYNC	; display the 37 recommended lines of VBLANK
    114  f0a7					      REPEND
    115  f0a7		       85 01		      sta	VBLANK	; turn off VBLANK			
    116  f0a9
    117  f0a9							;;;;;;;;;;;;;;;;;;;;;;;;;;;;;;;;;;;;;;;;;;;;;;;;;;;;;;;;;;;;;;;;;;;;;;;
    118  f0a9							;;  Display the 96 visible scanlines of our main game (2-line kernel)
    119  f0a9							;;;;;;;;;;;;;;;;;;;;;;;;;;;;;;;;;;;;;;;;;;;;;;;;;;;;;;;;;;;;;;;;;;;;;;;
    120  f0a9				   GameVisibleLine
    121  f0a9		       a9 84		      lda	#$84
    122  f0ab		       85 09		      sta	COLUBK	; set color background to blue
    123  f0ad
    124  f0ad		       a9 c2		      lda	#$C2
    125  f0af		       85 08		      sta	COLUPF	; set playfield/grass color to green
    126  f0b1
    127  f0b1		       a9 01		      lda	#%00000001
    128  f0b3		       85 0a		      sta	CTRLPF	; enable playfield reflection
    129  f0b5
    130  f0b5		       a9 f0		      lda	#$F0
    131  f0b7		       85 0d		      sta	PF0	; setting PF0 bit pattern
    132  f0b9
    133  f0b9		       a9 fc		      lda	#$FC
    134  f0bb		       85 0e		      sta	PF1	; setting PF1 bit paattern
    135  f0bd
    136  f0bd		       a9 00		      lda	#0
    137  f0bf		       85 0f		      sta	PF2	; setting PF2 bit paattern
    138  f0c1
    139  f0c1		       a2 60		      ldx	#96	; X counts the number of remaining scanlines
    140  f0c3				   .GameLineLoop
    141  f0c3				   .AreWeInsidePlayerSprite
    142  f0c3		       8a		      txa		; transfer X to A
    143  f0c4		       38		      sec		; make sure the carry flag is set before subtraction 
    144  f0c5		       e5 81		      sbc	JetYPos	; subtract sprite Y-coordinate
    145  f0c7		       c5 09		      cmp	P0_HEIGHT	; are we inside the sprite height bounds?
    146  f0c9		       90 02		      bcc	.DrawSpriteP0	; if result < SpriteHeight, call the draw routine
    147  f0cb		       a9 00		      lda	#0	; else, set lookup index to zero
    148  f0cd				   .DrawSpriteP0
    149  f0cd		       a8		      tay		; load Y so we can work with the pointer
    150  f0ce		       b1 84		      lda	(P0SpritePtr),Y	; load player0 bitmap data from lookup table
    151  f0d0		       85 02		      sta	WSYNC	; wait for scanline
    152  f0d2		       85 1b		      sta	GRP0	; set graphics for player0
    153  f0d4		       b1 86		      lda	(P0ColorPtr),Y	; load player color from lookup table
    154  f0d6		       85 06		      sta	COLUP0	; set graphics of player0
    155  f0d8
    156  f0d8				   .AreWeInsideBomberSprite
    157  f0d8		       8a		      txa		; transfer X to A
    158  f0d9		       38		      sec		; make sure the carry flag is set before subtraction 
    159  f0da		       e5 83		      sbc	BomberYPos	; subtract sprite Y-coordinate
    160  f0dc		       c5 09		      cmp	P1_HEIGHT	; are we inside the sprite height bounds?
    161  f0de		       90 02		      bcc	.DrawSpriteP1	; if result < SpriteHeight, call the draw routine
    162  f0e0		       a9 00		      lda	#0	; else, set lookup index to zero
    163  f0e2				   .DrawSpriteP1
    164  f0e2		       a8		      tay		; load Y so we can work with the pointer
    165  f0e3		       a9 05		      lda	#%00000101
    166  f0e5		       85 05		      sta	NUSIZ1
    167  f0e7		       b1 88		      lda	(P1SpritePtr),Y	; load player0 bitmap data from lookup table
    168  f0e9		       85 02		      sta	WSYNC	; wait for scanline
    169  f0eb		       85 1c		      sta	GRP1	; set graphics for player0
    170  f0ed		       b1 8a		      lda	(P1ColorPtr),Y	; load player color from lookup table
    171  f0ef		       85 07		      sta	COLUP1	; set graphics of player0
    172  f0f1
    173  f0f1		       ca		      dex		; X--
    174  f0f2		       d0 cf		      bne	.GameLineLoop	; repeat next main game scanline until finished
    175  f0f4
    176  f0f4							;;;;;;;;;;;;;;;;;;;;;;;;;;;;;;;;;;;;;;;;;;;;;;;;;;;;;;;;;;;;;;;;;;;;;;;
    177  f0f4							;;  Display Overscan 
    178  f0f4							;;;;;;;;;;;;;;;;;;;;;;;;;;;;;;;;;;;;;;;;;;;;;;;;;;;;;;;;;;;;;;;;;;;;;;; 
    179  f0f4		       a9 02		      lda	#2
    180  f0f6		       85 01		      sta	VBLANK	; turn VBLANK on again
    181  f0f8					      REPEAT	30
    182  f0f8		       85 02		      sta	WSYNC	; display 30 recommended lines of VBLANK Overscan
    181  f0f8					      REPEND
    182  f0fa		       85 02		      sta	WSYNC	; display 30 recommended lines of VBLANK Overscan
    181  f0fa					      REPEND
    182  f0fc		       85 02		      sta	WSYNC	; display 30 recommended lines of VBLANK Overscan
    181  f0fc					      REPEND
    182  f0fe		       85 02		      sta	WSYNC	; display 30 recommended lines of VBLANK Overscan
    181  f0fe					      REPEND
    182  f100		       85 02		      sta	WSYNC	; display 30 recommended lines of VBLANK Overscan
    181  f100					      REPEND
    182  f102		       85 02		      sta	WSYNC	; display 30 recommended lines of VBLANK Overscan
    181  f102					      REPEND
    182  f104		       85 02		      sta	WSYNC	; display 30 recommended lines of VBLANK Overscan
    181  f104					      REPEND
    182  f106		       85 02		      sta	WSYNC	; display 30 recommended lines of VBLANK Overscan
    181  f106					      REPEND
    182  f108		       85 02		      sta	WSYNC	; display 30 recommended lines of VBLANK Overscan
    181  f108					      REPEND
    182  f10a		       85 02		      sta	WSYNC	; display 30 recommended lines of VBLANK Overscan
    181  f10a					      REPEND
    182  f10c		       85 02		      sta	WSYNC	; display 30 recommended lines of VBLANK Overscan
    181  f10c					      REPEND
    182  f10e		       85 02		      sta	WSYNC	; display 30 recommended lines of VBLANK Overscan
    181  f10e					      REPEND
    182  f110		       85 02		      sta	WSYNC	; display 30 recommended lines of VBLANK Overscan
    181  f110					      REPEND
    182  f112		       85 02		      sta	WSYNC	; display 30 recommended lines of VBLANK Overscan
    181  f112					      REPEND
    182  f114		       85 02		      sta	WSYNC	; display 30 recommended lines of VBLANK Overscan
    181  f114					      REPEND
    182  f116		       85 02		      sta	WSYNC	; display 30 recommended lines of VBLANK Overscan
    181  f116					      REPEND
    182  f118		       85 02		      sta	WSYNC	; display 30 recommended lines of VBLANK Overscan
    181  f118					      REPEND
    182  f11a		       85 02		      sta	WSYNC	; display 30 recommended lines of VBLANK Overscan
    181  f11a					      REPEND
    182  f11c		       85 02		      sta	WSYNC	; display 30 recommended lines of VBLANK Overscan
    181  f11c					      REPEND
    182  f11e		       85 02		      sta	WSYNC	; display 30 recommended lines of VBLANK Overscan
    181  f11e					      REPEND
    182  f120		       85 02		      sta	WSYNC	; display 30 recommended lines of VBLANK Overscan
    181  f120					      REPEND
    182  f122		       85 02		      sta	WSYNC	; display 30 recommended lines of VBLANK Overscan
    181  f122					      REPEND
    182  f124		       85 02		      sta	WSYNC	; display 30 recommended lines of VBLANK Overscan
    181  f124					      REPEND
    182  f126		       85 02		      sta	WSYNC	; display 30 recommended lines of VBLANK Overscan
    181  f126					      REPEND
    182  f128		       85 02		      sta	WSYNC	; display 30 recommended lines of VBLANK Overscan
    181  f128					      REPEND
    182  f12a		       85 02		      sta	WSYNC	; display 30 recommended lines of VBLANK Overscan
    181  f12a					      REPEND
    182  f12c		       85 02		      sta	WSYNC	; display 30 recommended lines of VBLANK Overscan
    181  f12c					      REPEND
    182  f12e		       85 02		      sta	WSYNC	; display 30 recommended lines of VBLANK Overscan
    181  f12e					      REPEND
    182  f130		       85 02		      sta	WSYNC	; display 30 recommended lines of VBLANK Overscan
    181  f130					      REPEND
    182  f132		       85 02		      sta	WSYNC	; display 30 recommended lines of VBLANK Overscan
    183  f134					      REPEND
    184  f134		       a9 00		      lda	#0
    185  f136		       85 01		      sta	VBLANK	; turn off VBLANK
    186  f138
    187  f138							;;;;;;;;;;;;;;;;;;;;;;;;;;;;;;;;;;;;;;;;;;;;;;;;;;;;;;;;;;;;;;;;;;;;;;;;;;;;;;;;;;;;
    188  f138							;;  Process joystick input for player0
    189  f138							;;;;;;;;;;;;;;;;;;;;;;;;;;;;;;;;;;;;;;;;;;;;;;;;;;;;;;;;;;;;;;;;;;;;;;;;;;;;;;;;;;;;
    190  f138				   CheckP0Up
    191  f138		       a9 10		      lda	#%00010000	; player0 joystick up
    192  f13a		       2c 80 02 	      bit	SWCHA
    193  f13d		       d0 02		      bne	CheckP0Down	; if bit pattern doesnt match, bypass Up block
    194  f13f		       e6 81		      inc	JetYPos
    195  f141
    196  f141				   CheckP0Down
    197  f141		       a9 20		      lda	#%00100000	; player0 joystick down
    198  f143		       2c 80 02 	      bit	SWCHA
    199  f146		       d0 02		      bne	CheckP0Left	; if bit pattern doesnt match, bypass Down block
    200  f148		       c6 81		      dec	JetYPos
    201  f14a
    202  f14a				   CheckP0Left
    203  f14a		       a9 40		      lda	#%01000000	; player0 joystick left
    204  f14c		       2c 80 02 	      bit	SWCHA
    205  f14f		       d0 02		      bne	CheckP0Right	; if bit pattern doesnt match, bypass Left block
    206  f151		       c6 80		      dec	JetXPos
    207  f153
    208  f153				   CheckP0Right
    209  f153		       a9 80		      lda	#%10000000	; player0 joystick right
    210  f155		       2c 80 02 	      bit	SWCHA
    211  f158		       d0 02		      bne	EndInputCheck	; if bit pattern doesnt match, bypass Right block
    212  f15a		       e6 80		      inc	JetXPos
    213  f15c
    214  f15c				   EndInputCheck		; fallback when no input was performed
    215  f15c
    216  f15c							;;;;;;;;;;;;;;;;;;;;;;;;;;;;;;;;;;;;;;;;;;;;;;;;;;;;;;;;;;;;;;;;;;;;;;;;;;;;;;;;;;;;
    217  f15c							;;  Loop back to start a brand new frame 
    218  f15c							;;;;;;;;;;;;;;;;;;;;;;;;;;;;;;;;;;;;;;;;;;;;;;;;;;;;;;;;;;;;;;;;;;;;;;;;;;;;;;;;;;;;
    219  f15c		       4c 3b f0 	      jmp	StartFrame	; continue to display the next frame
    220  f15f
    221  f15f							;;;;;;;;;;;;;;;;;;;;;;;;;;;;;;;;;;;;;;;;;;;;;;;;;;;;;;;;;;;;;;;;;;;;;;;;;;;;;;;;;;;;
    222  f15f							;;  Subroutine to handle object horizontal position with fine offset
    223  f15f							;;;;;;;;;;;;;;;;;;;;;;;;;;;;;;;;;;;;;;;;;;;;;;;;;;;;;;;;;;;;;;;;;;;;;;;;;;;;;;;;;;;;
    224  f15f							;;  A is the target x-coordinate position in pixels of our object
    225  f15f							;;  Y is the object type (0:player0, 1:player1, 2:missile0, 3:missile1, 4:ball)
    226  f15f							;;;;;;;;;;;;;;;;;;;;;;;;;;;;;;;;;;;;;;;;;;;;;;;;;;;;;;;;;;;;;;;;;;;;;;;;;;;;;;;;;;;;
    227  f15f				   SetObjectXPos subroutine
    228  f15f		       85 02		      sta	WSYNC	; start a fresh new scanline
    229  f161		       38		      sec		; make sure carry-flag is set before subtraction
    230  f162				   .Div15Loop
    231  f162		       e9 0f		      sbc	#15	; subtract 15 from accumulator
    232  f164		       b0 fc		      bcs	.Div15Loop	; loop until carry-flag is clear
    233  f166		       49 07		      eor	#7	; handle offset range from -8 to 7
    234  f168		       0a		      asl
    235  f169		       0a		      asl
    236  f16a		       0a		      asl
    237  f16b		       0a		      asl
    238  f16c		       99 20 00 	      sta	HMP0,Y	; four shift lefts to get only the top 4 bits 
    239  f16f		       99 10 00 	      sta	RESP0,Y	; store the fine offset to the correct HMxx
    240  f172		       60		      rts		; fix object position in 15-step increment
    241  f173
    242  f173							;;;;;;;;;;;;;;;;;;;;;;;;;;;;;;;;;;;;;;;;;;;;;;;;;;;;;;;;;;;;;;;;;;;;;;;
    243  f173							;;  Declare ROM lookup tables
    244  f173							;;;;;;;;;;;;;;;;;;;;;;;;;;;;;;;;;;;;;;;;;;;;;;;;;;;;;;;;;;;;;;;;;;;;;;;
    245  f173				   P0Frame0
    246  f173		       00		      .byte.b	#%00000000
    247  f174		       10		      .byte.b	#%00010000	;$0E
    248  f175		       38		      .byte.b	#%00111000	;$06
    249  f176		       10		      .byte.b	#%00010000	;$0E
    250  f177		       10		      .byte.b	#%00010000	;$0E
    251  f178		       38		      .byte.b	#%00111000	;$0E
    252  f179		       7c		      .byte.b	#%01111100	;$0E
    253  f17a		       10		      .byte.b	#%00010000	;$9A
    254  f17b		       10		      .byte.b	#%00010000	;--
    255  f17c
    256  f17c				   P0Frame1
    257  f17c		       00		      .byte.b	#%00000000
    258  f17d		       08		      .byte.b	#%00001000	;$0E
    259  f17e		       1c		      .byte.b	#%00011100	;$06
    260  f17f		       08		      .byte.b	#%00001000	;$0E
    261  f180		       08		      .byte.b	#%00001000	;$0E
    262  f181		       3e		      .byte.b	#%00111110	;$0E
    263  f182		       7f		      .byte.b	#%01111111	;$0E
    264  f183		       08		      .byte.b	#%00001000	;$9A
    265  f184		       08		      .byte.b	#%00001000	;--
    266  f185
    267  f185				   P0Frame2
    268  f185		       00		      .byte.b	#%00000000
    269  f186		       04		      .byte.b	#%00000100	;$0E
    270  f187		       0e		      .byte.b	#%00001110	;$06
    271  f188		       04		      .byte.b	#%00000100	;$0E
    272  f189		       04		      .byte.b	#%00000100	;$0E
    273  f18a		       0e		      .byte.b	#%00001110	;$0E
    274  f18b		       1f		      .byte.b	#%00011111	;$0E
    275  f18c		       04		      .byte.b	#%00000100	;$9A
    276  f18d		       04		      .byte.b	#%00000100	;--
    277  f18e
    278  f18e				   P1Frame0
    279  f18e		       00		      .byte.b	#%00000000	;$00
    280  f18f		       08		      .byte.b	#%00001000	;$40
    281  f190		       2a		      .byte.b	#%00101010	;$AE
    282  f191		       7f		      .byte.b	#%01111111	;$44
    283  f192		       1c		      .byte.b	#%00011100	;$44
    284  f193		       08		      .byte.b	#%00001000	;$44
    285  f194		       08		      .byte.b	#%00001000	;$44
    286  f195		       1c		      .byte.b	#%00011100	;$40
    287  f196		       08		      .byte.b	#%00001000	;$40
    288  f197
    289  f197
    290  f197							;---Color Data from PlayerPal 2600---
    291  f197
    292  f197				   P0ColorFrame0
    293  f197		       00		      .byte.b	#$00
    294  f198		       0e		      .byte.b	#$0E	;
    295  f199		       06		      .byte.b	#$06	;
    296  f19a		       0e		      .byte.b	#$0E	;
    297  f19b		       0e		      .byte.b	#$0E	;
    298  f19c		       0e		      .byte.b	#$0E	;
    299  f19d		       0e		      .byte.b	#$0E	;
    300  f19e		       9a		      .byte.b	#$9A	;
    301  f19f		       0e		      .byte.b	#$0E	;
    302  f1a0
    303  f1a0				   P0ColorFrame1
    304  f1a0		       00		      .byte.b	#$00
    305  f1a1		       0e		      .byte.b	#$0E	;
    306  f1a2		       06		      .byte.b	#$06	;
    307  f1a3		       0e		      .byte.b	#$0E	;
    308  f1a4		       0e		      .byte.b	#$0E	;
    309  f1a5		       0e		      .byte.b	#$0E	;
    310  f1a6		       0e		      .byte.b	#$0E	;
    311  f1a7		       9a		      .byte.b	#$9A	;
    312  f1a8		       0e		      .byte.b	#$0E	;
    313  f1a9
    314  f1a9				   P0ColorFrame2
    315  f1a9		       00		      .byte.b	#$00
    316  f1aa		       0e		      .byte.b	#$0E	;
    317  f1ab		       06		      .byte.b	#$06	;
    318  f1ac		       0e		      .byte.b	#$0E	;
    319  f1ad		       0e		      .byte.b	#$0E	;
    320  f1ae		       0e		      .byte.b	#$0E	;
    321  f1af		       0e		      .byte.b	#$0E	;
    322  f1b0		       9a		      .byte.b	#$9A	;
    323  f1b1		       0e		      .byte.b	#$0E	;
    324  f1b2
    325  f1b2				   P1ColorFrame0
    326  f1b2		       00		      .byte.b	#$00
    327  f1b3		       40		      .byte.b	#$40
    328  f1b4		       ae		      .byte.b	#$AE	;
    329  f1b5		       44		      .byte.b	#$44	;
    330  f1b6		       44		      .byte.b	#$44	;
    331  f1b7		       44		      .byte.b	#$44	;
    332  f1b8		       44		      .byte.b	#$44	;
    333  f1b9		       40		      .byte.b	#$40	;
    334  f1ba		       40		      .byte.b	#$40	;
    335  f1bb		       0e		      .byte.b	#$0E
    336  f1bc
    337  f1bc							;;;;;;;;;;;;;;;;;;;;;;;;;;;;;;;;;;;;;;;;;;;;;;;;;;;;;;;;;;;;;;;;;;;;;;;
    338  f1bc							;;  Complete ROM size with exactly 4KB
    339  f1bc							;;;;;;;;;;;;;;;;;;;;;;;;;;;;;;;;;;;;;;;;;;;;;;;;;;;;;;;;;;;;;;;;;;;;;;; 
    340  fffc					      org	$FFFC	; move to position $FFFC
    341  fffc		       00 f0		      word.w	Reset	; write 2 bytes with the program reset address
    342  fffe		       00 f0		      word.w	Reset	; write 2 bytes with the interruption vector
